// Vitest Snapshot v1, https://vitest.dev/guide/snapshot.html

exports[`ssr > renders the index page 1`] = `
"<!DOCTYPE html><html><head><meta charset="utf-8">
<meta name="viewport" content="width=device-width, initial-scale=1">
<link rel="modulepreload" as="script" crossorigin href="/_nuxt/CpM9nojm.js">
<link rel="prefetch" as="script" crossorigin href="/_nuxt/Byev4uxC.js">
<link rel="prefetch" as="script" crossorigin href="/_nuxt/BLSlAPlQ.js">
<link rel="prefetch" as="script" crossorigin href="/_nuxt/DutEjW89.js">
<script type="module" src="/_nuxt/CpM9nojm.js" crossorigin></script></head><body><div id="__nuxt"><div><!--[--><!--[-->VITE_APP_MODE = prod<!--]--><!--[-->BASE_URL = /<!--]--><!--[-->MODE = production<!--]--><!--[-->DEV = true<!--]--><!--[-->PROD = false<!--]--><!--[-->SSR = true<!--]--><!--]--></div></div><div id="teleports"></div><script type="application/json" id="__NUXT_DATA__" data-ssr="true">[["Reactive",1],{"data":2,"state":3,"once":4,"_errors":5,"serverRendered":6,"path":7},{},{},["Set"],{},true,"/"]</script>
<script>window.__NUXT__={};window.__NUXT__.config={public:{VITE_APP_MODE:"prod",NUXT_APP_MODE:"prod"},app:{baseURL:"/",buildAssetsDir:"/_nuxt/",cdnURL:""}}</script></body></html>"
`;
